current directory: /Users/mohd7/Local/itsmustafamr.github.io/vendor/bundle/ruby/3.2.0/gems/json-2.12.2/ext/json/ext/parser
/Users/mohd7/.rbenv/versions/3.2.2/bin/ruby extconf.rb
checking for rb_enc_interned_str() in ruby.h... yes
checking for rb_hash_new_capa() in ruby.h... yes
checking for rb_hash_bulk_insert() in ruby.h... yes
checking for strnlen() in string.h... yes
checking for whether -std=c99 is accepted as CFLAGS... yes
creating Makefile

current directory: /Users/mohd7/Local/itsmustafamr.github.io/vendor/bundle/ruby/3.2.0/gems/json-2.12.2/ext/json/ext/parser
make DESTDIR\= sitearchdir\=./.gem.20250811-42150-zwq716 sitelibdir\=./.gem.20250811-42150-zwq716 clean

current directory: /Users/mohd7/Local/itsmustafamr.github.io/vendor/bundle/ruby/3.2.0/gems/json-2.12.2/ext/json/ext/parser
make DESTDIR\= sitearchdir\=./.gem.20250811-42150-zwq716 sitelibdir\=./.gem.20250811-42150-zwq716
compiling parser.c
linking shared-object json/ext/parser.bundle
ld: warning: ignoring duplicate libraries: '-lruby.3.2'

current directory: /Users/mohd7/Local/itsmustafamr.github.io/vendor/bundle/ruby/3.2.0/gems/json-2.12.2/ext/json/ext/parser
make DESTDIR\= sitearchdir\=./.gem.20250811-42150-zwq716 sitelibdir\=./.gem.20250811-42150-zwq716 install
/usr/bin/install -c -m 0755 parser.bundle ./.gem.20250811-42150-zwq716/json/ext

current directory: /Users/mohd7/Local/itsmustafamr.github.io/vendor/bundle/ruby/3.2.0/gems/json-2.12.2/ext/json/ext/parser
make DESTDIR\= sitearchdir\=./.gem.20250811-42150-zwq716 sitelibdir\=./.gem.20250811-42150-zwq716 clean
