current directory: /Users/mohd7/Local/itsmustafamr.github.io/vendor/bundle/ruby/3.2.0/gems/http_parser.rb-0.8.0/ext/ruby_http_parser
/Users/mohd7/.rbenv/versions/3.2.2/bin/ruby extconf.rb
creating Makefile

current directory: /Users/mohd7/Local/itsmustafamr.github.io/vendor/bundle/ruby/3.2.0/gems/http_parser.rb-0.8.0/ext/ruby_http_parser
make DESTDIR\= sitearchdir\=./.gem.20250811-42150-qe8j4w sitelibdir\=./.gem.20250811-42150-qe8j4w clean

current directory: /Users/mohd7/Local/itsmustafamr.github.io/vendor/bundle/ruby/3.2.0/gems/http_parser.rb-0.8.0/ext/ruby_http_parser
make DESTDIR\= sitearchdir\=./.gem.20250811-42150-qe8j4w sitelibdir\=./.gem.20250811-42150-qe8j4w
compiling ruby_http_parser.c
ruby_http_parser.c:365:17: warning: comparison of integers of different signs: 'size_t' (aka 'unsigned long') and 'long' [-Wsign-compare]
  365 |     if (nparsed < len)
      |         ~~~~~~~ ^ ~~~
1 warning generated.
compiling ryah_http_parser.c
linking shared-object ruby_http_parser.bundle
ld: warning: ignoring duplicate libraries: '-lruby.3.2'

current directory: /Users/mohd7/Local/itsmustafamr.github.io/vendor/bundle/ruby/3.2.0/gems/http_parser.rb-0.8.0/ext/ruby_http_parser
make DESTDIR\= sitearchdir\=./.gem.20250811-42150-qe8j4w sitelibdir\=./.gem.20250811-42150-qe8j4w install
/usr/bin/install -c -m 0755 ruby_http_parser.bundle ./.gem.20250811-42150-qe8j4w

current directory: /Users/mohd7/Local/itsmustafamr.github.io/vendor/bundle/ruby/3.2.0/gems/http_parser.rb-0.8.0/ext/ruby_http_parser
make DESTDIR\= sitearchdir\=./.gem.20250811-42150-qe8j4w sitelibdir\=./.gem.20250811-42150-qe8j4w clean
